******************************************************************************
            TI ARM Clang Linker PC v4.0.2                      
******************************************************************************
>> Linked Fri Jun 20 12:01:00 2025

OUTPUT FILE NAME:   <Base allow line.out>
ENTRY POINT SYMBOL: "_c_int00_noargs"  address: 00000f01


MEMORY CONFIGURATION

         name            origin    length      used     unused   attr    fill
----------------------  --------  ---------  --------  --------  ----  --------
  FLASH                 00000000   00020000  000010b8  0001ef48  R  X
  SRAM                  20200000   00008000  000002ca  00007d36  RW X
  BCR_CONFIG            41c00000   000000ff  00000000  000000ff  R   
  BSL_CONFIG            41c00100   00000080  00000000  00000080  R   


SEGMENT ALLOCATION MAP

run origin  load origin   length   init length attrs members
----------  ----------- ---------- ----------- ----- -------
00000000    00000000    000010b8   000010b8    r-x
  00000000    00000000    000000c0   000000c0    r-- .intvecs
  000000c0    000000c0    00000fa8   00000fa8    r-x .text
  00001068    00001068    00000018   00000018    r-- .rodata
  00001080    00001080    00000038   00000038    r-- .cinit
20200000    20200000    000000ca   00000000    rw-
  20200000    20200000    000000bc   00000000    rw- .bss
  202000bc    202000bc    0000000e   00000000    rw- .data
20207e00    20207e00    00000200   00000000    rw-
  20207e00    20207e00    00000200   00000000    rw- .stack


SECTION ALLOCATION MAP

 output                                  attributes/
section   page    origin      length       input sections
--------  ----  ----------  ----------   ----------------
.intvecs   0    00000000    000000c0     
                  00000000    000000c0     startup_mspm0g350x_ticlang.o (.intvecs)

.text      0    000000c0    00000fa8     
                  000000c0    000001ac     motor.o (.text.set_speed)
                  0000026c    00000192     libclang_rt.builtins.a : adddf3.S.obj (.text.adddf3_subdf3)
                  000003fe    00000002     startup_mspm0g350x_ticlang.o (.text.Default_Handler)
                  00000400    0000010c     libclang_rt.builtins.a : divdf3.S.obj (.text.__divdf3)
                  0000050c    00000104     driverlib.a : dl_timer.o (.text.DL_Timer_initFourCCPWMMode)
                  00000610    000000e4     libclang_rt.builtins.a : muldf3.S.obj (.text.__muldf3)
                  000006f4    000000dc     ti_msp_dl_config.o (.text.SYSCFG_DL_PWM_MOTOR_init)
                  000007d0    000000d8     libclang_rt.builtins.a : addsf3.S.obj (.text)
                  000008a8    0000009a     libc.a : memcpy16.S.obj (.text:memcpy)
                  00000942    00000002     --HOLE-- [fill = 0]
                  00000944    00000094     empty.o (.text.motor_ctrl)
                  000009d8    0000008c     libclang_rt.builtins.a : mulsf3.S.obj (.text.__mulsf3)
                  00000a64    00000084     ti_msp_dl_config.o (.text.SYSCFG_DL_GPIO_init)
                  00000ae8    0000007c     libc.a : copy_decompress_lzss.c.obj (.text:decompress:lzss)
                  00000b64    00000074     empty.o (.text.main)
                  00000bd8    00000070     ti_msp_dl_config.o (.text.SYSCFG_DL_UART_OPENMV_init)
                  00000c48    00000060     empty.o (.text.UART0_IRQHandler)
                  00000ca8    00000048     driverlib.a : dl_uart.o (.text.DL_UART_init)
                  00000cf0    00000042     libclang_rt.builtins.a : fixunsdfsi.S.obj (.text.__fixunsdfsi)
                  00000d32    00000002     --HOLE-- [fill = 0]
                  00000d34    00000040     ti_msp_dl_config.o (.text.SYSCFG_DL_SYSCTL_init)
                  00000d74    00000040     ti_msp_dl_config.o (.text.SYSCFG_DL_initPower)
                  00000db4    0000003c     libclang_rt.builtins.a : floatsisf.S.obj (.text.__floatsisf)
                  00000df0    0000003c     libc.a : autoinit.c.obj (.text:__TI_auto_init_nobinit_nopinit)
                  00000e2c    0000003a     libclang_rt.builtins.a : muldsi3.S.obj (.text.__muldsi3)
                  00000e66    00000002     --HOLE-- [fill = 0]
                  00000e68    00000038                            : fixsfsi.S.obj (.text.__fixsfsi)
                  00000ea0    00000034     motor.o (.text.motor_off)
                  00000ed4    0000002c     libclang_rt.builtins.a : floatsidf.S.obj (.text.__floatsidf)
                  00000f00    00000028     libc.a : boot_cortex_m.c.obj (.text:_c_int00_noargs)
                  00000f28    00000024     ti_msp_dl_config.o (.text.SYSCFG_DL_init)
                  00000f4c    00000020     driverlib.a : dl_uart.o (.text.DL_UART_receiveDataBlocking)
                  00000f6c    00000020                 : dl_uart.o (.text.DL_UART_transmitDataBlocking)
                  00000f8c    0000001c                 : dl_timer.o (.text.DL_Timer_setCaptCompUpdateMethod)
                  00000fa8    0000001c                 : dl_timer.o (.text.DL_Timer_setClockConfig)
                  00000fc4    00000018                 : dl_timer.o (.text.DL_Timer_setCaptureCompareOutCtl)
                  00000fdc    00000016     libc.a : copy_zero_init.c.obj (.text:decompress:ZI:__TI_zero_init_nomemset)
                  00000ff2    00000002     --HOLE-- [fill = 0]
                  00000ff4    00000014     motor.o (.text.motor_on)
                  00001008    00000012     driverlib.a : dl_uart.o (.text.DL_UART_setClockConfig)
                  0000101a    00000012     libc.a : copy_decompress_none.c.obj (.text:decompress:none)
                  0000102c    00000010     driverlib.a : dl_timer.o (.text.DL_Timer_setCaptureCompareValue)
                  0000103c    0000000a                 : dl_common.o (.text.DL_Common_delayCycles)
                  00001046    00000002     --HOLE-- [fill = 0]
                  00001048    00000008     libclang_rt.builtins.a : aeabi_memcpy.S.obj (.text.__aeabi_memcpy)
                  00001050    00000006     libc.a : exit.c.obj (.text:abort)
                  00001056    00000004     libsysbm.a : hostexit.c.obj (.text.HOSTexit)
                  0000105a    00000004     startup_mspm0g350x_ticlang.o (.text.Reset_Handler)
                  0000105e    00000004     libc.a : pre_init.c.obj (.text._system_pre_init)
                  00001062    00000006     --HOLE-- [fill = 0]

.cinit     0    00001080    00000038     
                  00001080    00000010     (.cinit..data.load) [load image, compression = lzss]
                  00001090    0000000c     (__TI_handler_table)
                  0000109c    00000008     (.cinit..bss.load) [load image, compression = zero_init]
                  000010a4    00000010     (__TI_cinit_table)
                  000010b4    00000004     --HOLE-- [fill = 0]

.rodata    0    00001068    00000018     
                  00001068    0000000a     ti_msp_dl_config.o (.rodata.gUART_OPENMVConfig)
                  00001072    00000002     ti_msp_dl_config.o (.rodata.gUART_OPENMVClockConfig)
                  00001074    00000008     ti_msp_dl_config.o (.rodata.gPWM_MOTORConfig)
                  0000107c    00000003     ti_msp_dl_config.o (.rodata.gPWM_MOTORClockConfig)
                  0000107f    00000001     --HOLE-- [fill = 0]

.init_array 
*          0    00000000    00000000     UNINITIALIZED

.binit     0    00000000    00000000     

.bss       0    20200000    000000bc     UNINITIALIZED
                  20200000    000000bc     (.common:gPWM_MOTORBackup)

.data      0    202000bc    0000000e     UNINITIALIZED
                  202000bc    00000004     empty.o (.data.kp)
                  202000c0    00000002     empty.o (.data.baseSpeed)
                  202000c2    00000002     empty.o (.data.cx)
                  202000c4    00000002     empty.o (.data.rxbuf)
                  202000c6    00000002     empty.o (.data.speedL)
                  202000c8    00000002     empty.o (.data.speedR)

.stack     0    20207e00    00000200     UNINITIALIZED
                  20207e00    00000004     libc.a : boot_cortex_m.c.obj (.stack)
                  20207e04    000001fc     --HOLE--

__llvm_prf_cnts 
*          0    20200000    00000000     UNINITIALIZED

__llvm_prf_bits 
*          0    20200000    00000000     UNINITIALIZED

MODULE SUMMARY

       Module                         code   ro data   rw data
       ------                         ----   -------   -------
    .\
       ti_msp_dl_config.o             628    23        188    
       empty.o                        360    0         14     
       startup_mspm0g350x_ticlang.o   6      192       0      
    +--+------------------------------+------+---------+---------+
       Total:                         994    215       202    
                                                              
    .\MOTOR\
       motor.o                        500    0         0      
    +--+------------------------------+------+---------+---------+
       Total:                         500    0         0      
                                                              
    D:/ti/mspm0_sdk_2_04_00_06/mspm0_sdk_2_05_00_05/source/ti/driverlib/lib/ticlang/m0p/mspm0g1x0x_g3x0x/driverlib.a
       dl_timer.o                     356    0         0      
       dl_uart.o                      154    0         0      
       dl_common.o                    10     0         0      
    +--+------------------------------+------+---------+---------+
       Total:                         520    0         0      
                                                              
    D:\ti\ccs2011\ccs\tools\compiler\ti-cgt-armllvm_4.0.2.LTS\lib\armv6m-ti-none-eabi/c/libc.a
       memcpy16.S.obj                 154    0         0      
       copy_decompress_lzss.c.obj     124    0         0      
       autoinit.c.obj                 60     0         0      
       boot_cortex_m.c.obj            40     0         0      
       copy_zero_init.c.obj           22     0         0      
       copy_decompress_none.c.obj     18     0         0      
       exit.c.obj                     6      0         0      
       pre_init.c.obj                 4      0         0      
    +--+------------------------------+------+---------+---------+
       Total:                         428    0         0      
                                                              
    D:\ti\ccs2011\ccs\tools\compiler\ti-cgt-armllvm_4.0.2.LTS\lib\armv6m-ti-none-eabi/c/libsysbm.a
       hostexit.c.obj                 4      0         0      
    +--+------------------------------+------+---------+---------+
       Total:                         4      0         0      
                                                              
    D:\ti\ccs2011\ccs\tools\compiler\ti-cgt-armllvm_4.0.2.LTS\lib\armv6m-ti-none-eabi/libclang_rt.builtins.a
       adddf3.S.obj                   402    0         0      
       divdf3.S.obj                   268    0         0      
       muldf3.S.obj                   228    0         0      
       addsf3.S.obj                   216    0         0      
       mulsf3.S.obj                   140    0         0      
       fixunsdfsi.S.obj               66     0         0      
       floatsisf.S.obj                60     0         0      
       muldsi3.S.obj                  58     0         0      
       fixsfsi.S.obj                  56     0         0      
       floatsidf.S.obj                44     0         0      
       aeabi_memcpy.S.obj             8      0         0      
    +--+------------------------------+------+---------+---------+
       Total:                         1546   0         0      
                                                              
       Stack:                         0      0         512    
       Linker Generated:              0      52        0      
    +--+------------------------------+------+---------+---------+
       Grand Total:                   3992   267       714    


LINKER GENERATED COPY TABLES

__TI_cinit_table @ 000010a4 records: 2, size/record: 8, table size: 16
	.data: load addr=00001080, load size=00000010 bytes, run addr=202000bc, run size=0000000e bytes, compression=lzss
	.bss: load addr=0000109c, load size=00000008 bytes, run addr=20200000, run size=000000bc bytes, compression=zero_init


LINKER GENERATED HANDLER TABLE

__TI_handler_table @ 00001090 records: 3, size/record: 4, table size: 12
	index: 0, handler: __TI_decompress_lzss
	index: 1, handler: __TI_decompress_none
	index: 2, handler: __TI_zero_init


GLOBAL SYMBOLS: SORTED ALPHABETICALLY BY Name 

address   name                            
-------   ----                            
000003ff  ADC0_IRQHandler                 
000003ff  ADC1_IRQHandler                 
000003ff  AES_IRQHandler                  
00001056  C$$EXIT                         
000003ff  CANFD0_IRQHandler               
000003ff  DAC0_IRQHandler                 
0000103d  DL_Common_delayCycles           
0000050d  DL_Timer_initFourCCPWMMode      
00000f8d  DL_Timer_setCaptCompUpdateMethod
00000fc5  DL_Timer_setCaptureCompareOutCtl
0000102d  DL_Timer_setCaptureCompareValue 
00000fa9  DL_Timer_setClockConfig         
00000ca9  DL_UART_init                    
00000f4d  DL_UART_receiveDataBlocking     
00001009  DL_UART_setClockConfig          
00000f6d  DL_UART_transmitDataBlocking    
000003ff  DMA_IRQHandler                  
000003ff  Default_Handler                 
000003ff  GROUP0_IRQHandler               
000003ff  GROUP1_IRQHandler               
00001057  HOSTexit                        
000003ff  HardFault_Handler               
000003ff  I2C0_IRQHandler                 
000003ff  I2C1_IRQHandler                 
000003ff  NMI_Handler                     
000003ff  PendSV_Handler                  
000003ff  RTC_IRQHandler                  
0000105b  Reset_Handler                   
000003ff  SPI0_IRQHandler                 
000003ff  SPI1_IRQHandler                 
000003ff  SVC_Handler                     
00000a65  SYSCFG_DL_GPIO_init             
000006f5  SYSCFG_DL_PWM_MOTOR_init        
00000d35  SYSCFG_DL_SYSCTL_init           
00000bd9  SYSCFG_DL_UART_OPENMV_init      
00000f29  SYSCFG_DL_init                  
00000d75  SYSCFG_DL_initPower             
000003ff  SysTick_Handler                 
000003ff  TIMA0_IRQHandler                
000003ff  TIMA1_IRQHandler                
000003ff  TIMG0_IRQHandler                
000003ff  TIMG12_IRQHandler               
000003ff  TIMG6_IRQHandler                
000003ff  TIMG7_IRQHandler                
000003ff  TIMG8_IRQHandler                
00000c49  UART0_IRQHandler                
000003ff  UART1_IRQHandler                
000003ff  UART2_IRQHandler                
000003ff  UART3_IRQHandler                
20208000  __STACK_END                     
00000200  __STACK_SIZE                    
00000000  __TI_ATRegion0_region_sz        
00000000  __TI_ATRegion0_src_addr         
00000000  __TI_ATRegion0_trg_addr         
00000000  __TI_ATRegion1_region_sz        
00000000  __TI_ATRegion1_src_addr         
00000000  __TI_ATRegion1_trg_addr         
00000000  __TI_ATRegion2_region_sz        
00000000  __TI_ATRegion2_src_addr         
00000000  __TI_ATRegion2_trg_addr         
000010a4  __TI_CINIT_Base                 
000010b4  __TI_CINIT_Limit                
000010b4  __TI_CINIT_Warm                 
00001090  __TI_Handler_Table_Base         
0000109c  __TI_Handler_Table_Limit        
00000df1  __TI_auto_init_nobinit_nopinit  
00000ae9  __TI_decompress_lzss            
0000101b  __TI_decompress_none            
ffffffff  __TI_pprof_out_hndl             
ffffffff  __TI_prof_data_size             
ffffffff  __TI_prof_data_start            
00000000  __TI_static_base__              
00000fdd  __TI_zero_init_nomemset         
00000277  __adddf3                        
000007db  __addsf3                        
00000cf1  __aeabi_d2uiz                   
00000277  __aeabi_dadd                    
00000401  __aeabi_ddiv                    
00000611  __aeabi_dmul                    
0000026d  __aeabi_dsub                    
00000e69  __aeabi_f2iz                    
000007db  __aeabi_fadd                    
000009d9  __aeabi_fmul                    
000007d1  __aeabi_fsub                    
00000ed5  __aeabi_i2d                     
00000db5  __aeabi_i2f                     
00001049  __aeabi_memcpy                  
00001049  __aeabi_memcpy4                 
00001049  __aeabi_memcpy8                 
ffffffff  __binit__                       
00000401  __divdf3                        
00000e69  __fixsfsi                       
00000cf1  __fixunsdfsi                    
00000ed5  __floatsidf                     
00000db5  __floatsisf                     
UNDEFED   __mpu_init                      
00000611  __muldf3                        
00000e2d  __muldsi3                       
000009d9  __mulsf3                        
20207e00  __stack                         
20200000  __start___llvm_prf_bits         
20200000  __start___llvm_prf_cnts         
20200000  __stop___llvm_prf_bits          
20200000  __stop___llvm_prf_cnts          
0000026d  __subdf3                        
000007d1  __subsf3                        
00000f01  _c_int00_noargs                 
UNDEFED   _system_post_cinit              
0000105f  _system_pre_init                
00001051  abort                           
202000c0  baseSpeed                       
ffffffff  binit                           
202000c2  cx                              
20200000  gPWM_MOTORBackup                
00000000  interruptVectors                
202000bc  kp                              
00000b65  main                            
000008a9  memcpy                          
00000945  motor_ctrl                      
00000ea1  motor_off                       
00000ff5  motor_on                        
202000c4  rxbuf                           
000000c1  set_speed                       
202000c6  speedL                          
202000c8  speedR                          


GLOBAL SYMBOLS: SORTED BY Symbol Address 

address   name                            
-------   ----                            
00000000  __TI_ATRegion0_region_sz        
00000000  __TI_ATRegion0_src_addr         
00000000  __TI_ATRegion0_trg_addr         
00000000  __TI_ATRegion1_region_sz        
00000000  __TI_ATRegion1_src_addr         
00000000  __TI_ATRegion1_trg_addr         
00000000  __TI_ATRegion2_region_sz        
00000000  __TI_ATRegion2_src_addr         
00000000  __TI_ATRegion2_trg_addr         
00000000  __TI_static_base__              
00000000  interruptVectors                
000000c1  set_speed                       
00000200  __STACK_SIZE                    
0000026d  __aeabi_dsub                    
0000026d  __subdf3                        
00000277  __adddf3                        
00000277  __aeabi_dadd                    
000003ff  ADC0_IRQHandler                 
000003ff  ADC1_IRQHandler                 
000003ff  AES_IRQHandler                  
000003ff  CANFD0_IRQHandler               
000003ff  DAC0_IRQHandler                 
000003ff  DMA_IRQHandler                  
000003ff  Default_Handler                 
000003ff  GROUP0_IRQHandler               
000003ff  GROUP1_IRQHandler               
000003ff  HardFault_Handler               
000003ff  I2C0_IRQHandler                 
000003ff  I2C1_IRQHandler                 
000003ff  NMI_Handler                     
000003ff  PendSV_Handler                  
000003ff  RTC_IRQHandler                  
000003ff  SPI0_IRQHandler                 
000003ff  SPI1_IRQHandler                 
000003ff  SVC_Handler                     
000003ff  SysTick_Handler                 
000003ff  TIMA0_IRQHandler                
000003ff  TIMA1_IRQHandler                
000003ff  TIMG0_IRQHandler                
000003ff  TIMG12_IRQHandler               
000003ff  TIMG6_IRQHandler                
000003ff  TIMG7_IRQHandler                
000003ff  TIMG8_IRQHandler                
000003ff  UART1_IRQHandler                
000003ff  UART2_IRQHandler                
000003ff  UART3_IRQHandler                
00000401  __aeabi_ddiv                    
00000401  __divdf3                        
0000050d  DL_Timer_initFourCCPWMMode      
00000611  __aeabi_dmul                    
00000611  __muldf3                        
000006f5  SYSCFG_DL_PWM_MOTOR_init        
000007d1  __aeabi_fsub                    
000007d1  __subsf3                        
000007db  __addsf3                        
000007db  __aeabi_fadd                    
000008a9  memcpy                          
00000945  motor_ctrl                      
000009d9  __aeabi_fmul                    
000009d9  __mulsf3                        
00000a65  SYSCFG_DL_GPIO_init             
00000ae9  __TI_decompress_lzss            
00000b65  main                            
00000bd9  SYSCFG_DL_UART_OPENMV_init      
00000c49  UART0_IRQHandler                
00000ca9  DL_UART_init                    
00000cf1  __aeabi_d2uiz                   
00000cf1  __fixunsdfsi                    
00000d35  SYSCFG_DL_SYSCTL_init           
00000d75  SYSCFG_DL_initPower             
00000db5  __aeabi_i2f                     
00000db5  __floatsisf                     
00000df1  __TI_auto_init_nobinit_nopinit  
00000e2d  __muldsi3                       
00000e69  __aeabi_f2iz                    
00000e69  __fixsfsi                       
00000ea1  motor_off                       
00000ed5  __aeabi_i2d                     
00000ed5  __floatsidf                     
00000f01  _c_int00_noargs                 
00000f29  SYSCFG_DL_init                  
00000f4d  DL_UART_receiveDataBlocking     
00000f6d  DL_UART_transmitDataBlocking    
00000f8d  DL_Timer_setCaptCompUpdateMethod
00000fa9  DL_Timer_setClockConfig         
00000fc5  DL_Timer_setCaptureCompareOutCtl
00000fdd  __TI_zero_init_nomemset         
00000ff5  motor_on                        
00001009  DL_UART_setClockConfig          
0000101b  __TI_decompress_none            
0000102d  DL_Timer_setCaptureCompareValue 
0000103d  DL_Common_delayCycles           
00001049  __aeabi_memcpy                  
00001049  __aeabi_memcpy4                 
00001049  __aeabi_memcpy8                 
00001051  abort                           
00001056  C$$EXIT                         
00001057  HOSTexit                        
0000105b  Reset_Handler                   
0000105f  _system_pre_init                
00001090  __TI_Handler_Table_Base         
0000109c  __TI_Handler_Table_Limit        
000010a4  __TI_CINIT_Base                 
000010b4  __TI_CINIT_Limit                
000010b4  __TI_CINIT_Warm                 
20200000  __start___llvm_prf_bits         
20200000  __start___llvm_prf_cnts         
20200000  __stop___llvm_prf_bits          
20200000  __stop___llvm_prf_cnts          
20200000  gPWM_MOTORBackup                
202000bc  kp                              
202000c0  baseSpeed                       
202000c2  cx                              
202000c4  rxbuf                           
202000c6  speedL                          
202000c8  speedR                          
20207e00  __stack                         
20208000  __STACK_END                     
ffffffff  __TI_pprof_out_hndl             
ffffffff  __TI_prof_data_size             
ffffffff  __TI_prof_data_start            
ffffffff  __binit__                       
ffffffff  binit                           
UNDEFED   __mpu_init                      
UNDEFED   _system_post_cinit              

[125 symbols]
