******************************************************************************
            TI ARM Clang Linker PC v4.0.2                      
******************************************************************************
>> Linked Wed Jun 18 22:08:49 2025

OUTPUT FILE NAME:   <ADC-sequence.out>
ENTRY POINT SYMBOL: "_c_int00_noargs"  address: 00000275


MEMORY CONFIGURATION

         name            origin    length      used     unused   attr    fill
----------------------  --------  ---------  --------  --------  ----  --------
  FLASH                 00000000   00020000  00000318  0001fce8  R  X
  SRAM                  20200000   00008000  00000205  00007dfb  RW X
  BCR_CONFIG            41c00000   000000ff  00000000  000000ff  R   
  BSL_CONFIG            41c00100   00000080  00000000  00000080  R   


SEGMENT ALLOCATION MAP

run origin  load origin   length   init length attrs members
----------  ----------- ---------- ----------- ----- -------
00000000    00000000    00000318   00000318    r-x
  00000000    00000000    000000c0   000000c0    r-- .intvecs
  000000c0    000000c0    00000238   00000238    r-x .text
  000002f8    000002f8    00000008   00000008    r-- .rodata
  00000300    00000300    00000018   00000018    r-- .cinit
20200000    20200000    00000005   00000000    rw-
  20200000    20200000    00000005   00000000    rw- .bss
20207e00    20207e00    00000200   00000000    rw-
  20207e00    20207e00    00000200   00000000    rw- .stack


SECTION ALLOCATION MAP

 output                                  attributes/
section   page    origin      length       input sections
--------  ----  ----------  ----------   ----------------
.intvecs   0    00000000    000000c0     
                  00000000    000000c0     startup_mspm0g350x_ticlang.o (.intvecs)

.text      0    000000c0    00000238     
                  000000c0    0000006c     ti_msp_dl_config.o (.text.SYSCFG_DL_ADC12_0_init)
                  0000012c    00000058     empty.o (.text.main)
                  00000184    00000040     driverlib.a : dl_adc12.o (.text.DL_ADC12_setClockConfig)
                  000001c4    00000040     ti_msp_dl_config.o (.text.SYSCFG_DL_SYSCTL_init)
                  00000204    0000003c     libc.a : autoinit.c.obj (.text:__TI_auto_init_nobinit_nopinit)
                  00000240    00000034     ti_msp_dl_config.o (.text.SYSCFG_DL_initPower)
                  00000274    00000028     libc.a : boot_cortex_m.c.obj (.text:_c_int00_noargs)
                  0000029c    00000016            : copy_zero_init.c.obj (.text:decompress:ZI:__TI_zero_init_nomemset)
                  000002b2    00000014     ti_msp_dl_config.o (.text.SYSCFG_DL_init)
                  000002c6    00000002     startup_mspm0g350x_ticlang.o (.text.Default_Handler)
                  000002c8    0000000c     empty.o (.text.ADC0_IRQHandler)
                  000002d4    0000000a     driverlib.a : dl_common.o (.text.DL_Common_delayCycles)
                  000002de    00000006     libc.a : exit.c.obj (.text:abort)
                  000002e4    00000004     libsysbm.a : hostexit.c.obj (.text.HOSTexit)
                  000002e8    00000004     startup_mspm0g350x_ticlang.o (.text.Reset_Handler)
                  000002ec    00000004     libc.a : pre_init.c.obj (.text._system_pre_init)
                  000002f0    00000002     ti_msp_dl_config.o (.text.SYSCFG_DL_GPIO_init)
                  000002f2    00000006     --HOLE-- [fill = 0]

.cinit     0    00000300    00000018     
                  00000300    00000008     (.cinit..bss.load) [load image, compression = zero_init]
                  00000308    00000004     (__TI_handler_table)
                  0000030c    00000008     (__TI_cinit_table)
                  00000314    00000004     --HOLE-- [fill = 0]

.rodata    0    000002f8    00000008     
                  000002f8    00000008     ti_msp_dl_config.o (.rodata.gADC12_0ClockConfig)

.init_array 
*          0    00000000    00000000     UNINITIALIZED

.binit     0    00000000    00000000     

.bss       0    20200000    00000005     UNINITIALIZED
                  20200000    00000002     (.common:ADC_Val0)
                  20200002    00000002     (.common:ADC_Val1)
                  20200004    00000001     (.common:ADC_Flag)

.stack     0    20207e00    00000200     UNINITIALIZED
                  20207e00    00000004     libc.a : boot_cortex_m.c.obj (.stack)
                  20207e04    000001fc     --HOLE--

__llvm_prf_cnts 
*          0    20200000    00000000     UNINITIALIZED

__llvm_prf_bits 
*          0    20200000    00000000     UNINITIALIZED

MODULE SUMMARY

       Module                         code   ro data   rw data
       ------                         ----   -------   -------
    .\
       ti_msp_dl_config.o             246    8         0      
       startup_mspm0g350x_ticlang.o   6      192       0      
       empty.o                        100    0         5      
    +--+------------------------------+------+---------+---------+
       Total:                         352    200       5      
                                                              
    D:/ti/mspm0_sdk_2_04_00_06/mspm0_sdk_2_05_00_05/source/ti/driverlib/lib/ticlang/m0p/mspm0g1x0x_g3x0x/driverlib.a
       dl_adc12.o                     64     0         0      
       dl_common.o                    10     0         0      
    +--+------------------------------+------+---------+---------+
       Total:                         74     0         0      
                                                              
    D:\ti\ccs2011\ccs\tools\compiler\ti-cgt-armllvm_4.0.2.LTS\lib\armv6m-ti-none-eabi/c/libc.a
       autoinit.c.obj                 60     0         0      
       boot_cortex_m.c.obj            40     0         0      
       copy_zero_init.c.obj           22     0         0      
       exit.c.obj                     6      0         0      
       pre_init.c.obj                 4      0         0      
    +--+------------------------------+------+---------+---------+
       Total:                         132    0         0      
                                                              
    D:\ti\ccs2011\ccs\tools\compiler\ti-cgt-armllvm_4.0.2.LTS\lib\armv6m-ti-none-eabi/c/libsysbm.a
       hostexit.c.obj                 4      0         0      
    +--+------------------------------+------+---------+---------+
       Total:                         4      0         0      
                                                              
       Stack:                         0      0         512    
       Linker Generated:              0      20        0      
    +--+------------------------------+------+---------+---------+
       Grand Total:                   562    220       517    


LINKER GENERATED COPY TABLES

__TI_cinit_table @ 0000030c records: 1, size/record: 8, table size: 8
	.bss: load addr=00000300, load size=00000008 bytes, run addr=20200000, run size=00000005 bytes, compression=zero_init


LINKER GENERATED HANDLER TABLE

__TI_handler_table @ 00000308 records: 1, size/record: 4, table size: 4
	index: 0, handler: __TI_zero_init


GLOBAL SYMBOLS: SORTED ALPHABETICALLY BY Name 

address   name                          
-------   ----                          
000002c9  ADC0_IRQHandler               
000002c7  ADC1_IRQHandler               
20200004  ADC_Flag                      
20200000  ADC_Val0                      
20200002  ADC_Val1                      
000002c7  AES_IRQHandler                
000002e4  C$$EXIT                       
000002c7  CANFD0_IRQHandler             
000002c7  DAC0_IRQHandler               
00000185  DL_ADC12_setClockConfig       
000002d5  DL_Common_delayCycles         
000002c7  DMA_IRQHandler                
000002c7  Default_Handler               
000002c7  GROUP0_IRQHandler             
000002c7  GROUP1_IRQHandler             
000002e5  HOSTexit                      
000002c7  HardFault_Handler             
000002c7  I2C0_IRQHandler               
000002c7  I2C1_IRQHandler               
000002c7  NMI_Handler                   
000002c7  PendSV_Handler                
000002c7  RTC_IRQHandler                
000002e9  Reset_Handler                 
000002c7  SPI0_IRQHandler               
000002c7  SPI1_IRQHandler               
000002c7  SVC_Handler                   
000000c1  SYSCFG_DL_ADC12_0_init        
000002f1  SYSCFG_DL_GPIO_init           
000001c5  SYSCFG_DL_SYSCTL_init         
000002b3  SYSCFG_DL_init                
00000241  SYSCFG_DL_initPower           
000002c7  SysTick_Handler               
000002c7  TIMA0_IRQHandler              
000002c7  TIMA1_IRQHandler              
000002c7  TIMG0_IRQHandler              
000002c7  TIMG12_IRQHandler             
000002c7  TIMG6_IRQHandler              
000002c7  TIMG7_IRQHandler              
000002c7  TIMG8_IRQHandler              
000002c7  UART0_IRQHandler              
000002c7  UART1_IRQHandler              
000002c7  UART2_IRQHandler              
000002c7  UART3_IRQHandler              
20208000  __STACK_END                   
00000200  __STACK_SIZE                  
00000000  __TI_ATRegion0_region_sz      
00000000  __TI_ATRegion0_src_addr       
00000000  __TI_ATRegion0_trg_addr       
00000000  __TI_ATRegion1_region_sz      
00000000  __TI_ATRegion1_src_addr       
00000000  __TI_ATRegion1_trg_addr       
00000000  __TI_ATRegion2_region_sz      
00000000  __TI_ATRegion2_src_addr       
00000000  __TI_ATRegion2_trg_addr       
0000030c  __TI_CINIT_Base               
00000314  __TI_CINIT_Limit              
00000314  __TI_CINIT_Warm               
00000308  __TI_Handler_Table_Base       
0000030c  __TI_Handler_Table_Limit      
00000205  __TI_auto_init_nobinit_nopinit
ffffffff  __TI_pprof_out_hndl           
ffffffff  __TI_prof_data_size           
ffffffff  __TI_prof_data_start          
00000000  __TI_static_base__            
0000029d  __TI_zero_init_nomemset       
ffffffff  __binit__                     
UNDEFED   __mpu_init                    
20207e00  __stack                       
20200000  __start___llvm_prf_bits       
20200000  __start___llvm_prf_cnts       
20200000  __stop___llvm_prf_bits        
20200000  __stop___llvm_prf_cnts        
00000275  _c_int00_noargs               
UNDEFED   _system_post_cinit            
000002ed  _system_pre_init              
000002df  abort                         
ffffffff  binit                         
00000000  interruptVectors              
0000012d  main                          


GLOBAL SYMBOLS: SORTED BY Symbol Address 

address   name                          
-------   ----                          
00000000  __TI_ATRegion0_region_sz      
00000000  __TI_ATRegion0_src_addr       
00000000  __TI_ATRegion0_trg_addr       
00000000  __TI_ATRegion1_region_sz      
00000000  __TI_ATRegion1_src_addr       
00000000  __TI_ATRegion1_trg_addr       
00000000  __TI_ATRegion2_region_sz      
00000000  __TI_ATRegion2_src_addr       
00000000  __TI_ATRegion2_trg_addr       
00000000  __TI_static_base__            
00000000  interruptVectors              
000000c1  SYSCFG_DL_ADC12_0_init        
0000012d  main                          
00000185  DL_ADC12_setClockConfig       
000001c5  SYSCFG_DL_SYSCTL_init         
00000200  __STACK_SIZE                  
00000205  __TI_auto_init_nobinit_nopinit
00000241  SYSCFG_DL_initPower           
00000275  _c_int00_noargs               
0000029d  __TI_zero_init_nomemset       
000002b3  SYSCFG_DL_init                
000002c7  ADC1_IRQHandler               
000002c7  AES_IRQHandler                
000002c7  CANFD0_IRQHandler             
000002c7  DAC0_IRQHandler               
000002c7  DMA_IRQHandler                
000002c7  Default_Handler               
000002c7  GROUP0_IRQHandler             
000002c7  GROUP1_IRQHandler             
000002c7  HardFault_Handler             
000002c7  I2C0_IRQHandler               
000002c7  I2C1_IRQHandler               
000002c7  NMI_Handler                   
000002c7  PendSV_Handler                
000002c7  RTC_IRQHandler                
000002c7  SPI0_IRQHandler               
000002c7  SPI1_IRQHandler               
000002c7  SVC_Handler                   
000002c7  SysTick_Handler               
000002c7  TIMA0_IRQHandler              
000002c7  TIMA1_IRQHandler              
000002c7  TIMG0_IRQHandler              
000002c7  TIMG12_IRQHandler             
000002c7  TIMG6_IRQHandler              
000002c7  TIMG7_IRQHandler              
000002c7  TIMG8_IRQHandler              
000002c7  UART0_IRQHandler              
000002c7  UART1_IRQHandler              
000002c7  UART2_IRQHandler              
000002c7  UART3_IRQHandler              
000002c9  ADC0_IRQHandler               
000002d5  DL_Common_delayCycles         
000002df  abort                         
000002e4  C$$EXIT                       
000002e5  HOSTexit                      
000002e9  Reset_Handler                 
000002ed  _system_pre_init              
000002f1  SYSCFG_DL_GPIO_init           
00000308  __TI_Handler_Table_Base       
0000030c  __TI_CINIT_Base               
0000030c  __TI_Handler_Table_Limit      
00000314  __TI_CINIT_Limit              
00000314  __TI_CINIT_Warm               
20200000  ADC_Val0                      
20200000  __start___llvm_prf_bits       
20200000  __start___llvm_prf_cnts       
20200000  __stop___llvm_prf_bits        
20200000  __stop___llvm_prf_cnts        
20200002  ADC_Val1                      
20200004  ADC_Flag                      
20207e00  __stack                       
20208000  __STACK_END                   
ffffffff  __TI_pprof_out_hndl           
ffffffff  __TI_prof_data_size           
ffffffff  __TI_prof_data_start          
ffffffff  __binit__                     
ffffffff  binit                         
UNDEFED   __mpu_init                    
UNDEFED   _system_post_cinit            

[79 symbols]
