******************************************************************************
            TI ARM Clang Linker PC v4.0.2                      
******************************************************************************
>> Linked Wed Jun 18 21:04:13 2025

OUTPUT FILE NAME:   <PWM.out>
ENTRY POINT SYMBOL: "_c_int00_noargs"  address: 0000062d


MEMORY CONFIGURATION

         name            origin    length      used     unused   attr    fill
----------------------  --------  ---------  --------  --------  ----  --------
  FLASH                 00000000   00020000  00000730  0001f8d0  R  X
  SRAM                  20200000   00008000  00000204  00007dfc  RW X
  BCR_CONFIG            41c00000   000000ff  00000000  000000ff  R   
  BSL_CONFIG            41c00100   00000080  00000000  00000080  R   


SEGMENT ALLOCATION MAP

run origin  load origin   length   init length attrs members
----------  ----------- ---------- ----------- ----- -------
00000000    00000000    00000730   00000730    r-x
  00000000    00000000    000000c0   000000c0    r-- .intvecs
  000000c0    000000c0    00000648   00000648    r-x .text
  00000708    00000708    00000010   00000010    r-- .rodata
  00000718    00000718    00000018   00000018    r-- .cinit
20200000    20200000    00000004   00000000    rw-
  20200000    20200000    00000004   00000000    rw- .data
20207e00    20207e00    00000200   00000000    rw-
  20207e00    20207e00    00000200   00000000    rw- .stack


SECTION ALLOCATION MAP

 output                                  attributes/
section   page    origin      length       input sections
--------  ----  ----------  ----------   ----------------
.intvecs   0    00000000    000000c0     
                  00000000    000000c0     startup_mspm0g350x_ticlang.o (.intvecs)

.text      0    000000c0    00000648     
                  000000c0    00000104     driverlib.a : dl_timer.o (.text.DL_Timer_initFourCCPWMMode)
                  000001c4    0000009a     libc.a : memcpy16.S.obj (.text:memcpy)
                  0000025e    00000002     startup_mspm0g350x_ticlang.o (.text.Default_Handler)
                  00000260    00000090     ti_msp_dl_config.o (.text.SYSCFG_DL_PWM_0_init)
                  000002f0    0000008c     libclang_rt.builtins.a : mulsf3.S.obj (.text.__mulsf3)
                  0000037c    00000084     empty.o (.text.main)
                  00000400    0000007c     libc.a : copy_decompress_lzss.c.obj (.text:decompress:lzss)
                  0000047c    00000040     ti_msp_dl_config.o (.text.SYSCFG_DL_SYSCTL_init)
                  000004bc    0000003c     libc.a : autoinit.c.obj (.text:__TI_auto_init_nobinit_nopinit)
                  000004f8    0000003a     libclang_rt.builtins.a : muldsi3.S.obj (.text.__muldsi3)
                  00000532    00000002     --HOLE-- [fill = 0]
                  00000534    00000038                            : fixsfsi.S.obj (.text.__fixsfsi)
                  0000056c    00000034     ti_msp_dl_config.o (.text.SYSCFG_DL_initPower)
                  000005a0    00000032     libclang_rt.builtins.a : fixunssfsi.S.obj (.text.__fixunssfsi)
                  000005d2    00000002     --HOLE-- [fill = 0]
                  000005d4    00000030     ti_msp_dl_config.o (.text.SYSCFG_DL_GPIO_init)
                  00000604    00000028     libclang_rt.builtins.a : floatunsisf.S.obj (.text.__floatunsisf)
                  0000062c    00000028     libc.a : boot_cortex_m.c.obj (.text:_c_int00_noargs)
                  00000654    0000001c     driverlib.a : dl_timer.o (.text.DL_Timer_setCaptCompUpdateMethod)
                  00000670    0000001c                 : dl_timer.o (.text.DL_Timer_setClockConfig)
                  0000068c    00000018                 : dl_timer.o (.text.DL_Timer_setCaptureCompareOutCtl)
                  000006a4    00000014     ti_msp_dl_config.o (.text.SYSCFG_DL_init)
                  000006b8    00000012     libc.a : copy_decompress_none.c.obj (.text:decompress:none)
                  000006ca    00000002     --HOLE-- [fill = 0]
                  000006cc    00000010     driverlib.a : dl_timer.o (.text.DL_Timer_setCaptureCompareValue)
                  000006dc    0000000a                 : dl_common.o (.text.DL_Common_delayCycles)
                  000006e6    00000002     --HOLE-- [fill = 0]
                  000006e8    00000008     libclang_rt.builtins.a : aeabi_memcpy.S.obj (.text.__aeabi_memcpy)
                  000006f0    00000006     libc.a : exit.c.obj (.text:abort)
                  000006f6    00000004     libsysbm.a : hostexit.c.obj (.text.HOSTexit)
                  000006fa    00000004     startup_mspm0g350x_ticlang.o (.text.Reset_Handler)
                  000006fe    00000004     libc.a : pre_init.c.obj (.text._system_pre_init)
                  00000702    00000006     --HOLE-- [fill = 0]

.cinit     0    00000718    00000018     
                  00000718    00000008     (.cinit..data.load) [load image, compression = lzss]
                  00000720    00000008     (__TI_handler_table)
                  00000728    00000008     (__TI_cinit_table)

.rodata    0    00000708    00000010     
                  00000708    00000008     ti_msp_dl_config.o (.rodata.gPWM_0Config)
                  00000710    00000003     ti_msp_dl_config.o (.rodata.gPWM_0ClockConfig)
                  00000713    00000005     --HOLE-- [fill = 0]

.init_array 
*          0    00000000    00000000     UNINITIALIZED

.binit     0    00000000    00000000     

.data      0    20200000    00000004     UNINITIALIZED
                  20200000    00000004     empty.o (.data.PWM_Freq)

.stack     0    20207e00    00000200     UNINITIALIZED
                  20207e00    00000004     libc.a : boot_cortex_m.c.obj (.stack)
                  20207e04    000001fc     --HOLE--

__llvm_prf_cnts 
*          0    20200000    00000000     UNINITIALIZED

__llvm_prf_bits 
*          0    20200000    00000000     UNINITIALIZED

MODULE SUMMARY

       Module                         code   ro data   rw data
       ------                         ----   -------   -------
    .\
       ti_msp_dl_config.o             328    11        0      
       startup_mspm0g350x_ticlang.o   6      192       0      
       empty.o                        132    0         4      
    +--+------------------------------+------+---------+---------+
       Total:                         466    203       4      
                                                              
    D:/ti/mspm0_sdk_2_04_00_06/mspm0_sdk_2_05_00_05/source/ti/driverlib/lib/ticlang/m0p/mspm0g1x0x_g3x0x/driverlib.a
       dl_timer.o                     356    0         0      
       dl_common.o                    10     0         0      
    +--+------------------------------+------+---------+---------+
       Total:                         366    0         0      
                                                              
    D:\ti\ccs2011\ccs\tools\compiler\ti-cgt-armllvm_4.0.2.LTS\lib\armv6m-ti-none-eabi/c/libc.a
       memcpy16.S.obj                 154    0         0      
       copy_decompress_lzss.c.obj     124    0         0      
       autoinit.c.obj                 60     0         0      
       boot_cortex_m.c.obj            40     0         0      
       copy_decompress_none.c.obj     18     0         0      
       exit.c.obj                     6      0         0      
       pre_init.c.obj                 4      0         0      
    +--+------------------------------+------+---------+---------+
       Total:                         406    0         0      
                                                              
    D:\ti\ccs2011\ccs\tools\compiler\ti-cgt-armllvm_4.0.2.LTS\lib\armv6m-ti-none-eabi/c/libsysbm.a
       hostexit.c.obj                 4      0         0      
    +--+------------------------------+------+---------+---------+
       Total:                         4      0         0      
                                                              
    D:\ti\ccs2011\ccs\tools\compiler\ti-cgt-armllvm_4.0.2.LTS\lib\armv6m-ti-none-eabi/libclang_rt.builtins.a
       mulsf3.S.obj                   140    0         0      
       muldsi3.S.obj                  58     0         0      
       fixsfsi.S.obj                  56     0         0      
       fixunssfsi.S.obj               50     0         0      
       floatunsisf.S.obj              40     0         0      
       aeabi_memcpy.S.obj             8      0         0      
    +--+------------------------------+------+---------+---------+
       Total:                         352    0         0      
                                                              
       Stack:                         0      0         512    
       Linker Generated:              0      24        0      
    +--+------------------------------+------+---------+---------+
       Grand Total:                   1594   227       516    


LINKER GENERATED COPY TABLES

__TI_cinit_table @ 00000728 records: 1, size/record: 8, table size: 8
	.data: load addr=00000718, load size=00000008 bytes, run addr=20200000, run size=00000004 bytes, compression=lzss


LINKER GENERATED HANDLER TABLE

__TI_handler_table @ 00000720 records: 2, size/record: 4, table size: 8
	index: 0, handler: __TI_decompress_lzss
	index: 1, handler: __TI_decompress_none


GLOBAL SYMBOLS: SORTED ALPHABETICALLY BY Name 

address   name                            
-------   ----                            
0000025f  ADC0_IRQHandler                 
0000025f  ADC1_IRQHandler                 
0000025f  AES_IRQHandler                  
000006f6  C$$EXIT                         
0000025f  CANFD0_IRQHandler               
0000025f  DAC0_IRQHandler                 
000006dd  DL_Common_delayCycles           
000000c1  DL_Timer_initFourCCPWMMode      
00000655  DL_Timer_setCaptCompUpdateMethod
0000068d  DL_Timer_setCaptureCompareOutCtl
000006cd  DL_Timer_setCaptureCompareValue 
00000671  DL_Timer_setClockConfig         
0000025f  DMA_IRQHandler                  
0000025f  Default_Handler                 
0000025f  GROUP0_IRQHandler               
0000025f  GROUP1_IRQHandler               
000006f7  HOSTexit                        
0000025f  HardFault_Handler               
0000025f  I2C0_IRQHandler                 
0000025f  I2C1_IRQHandler                 
0000025f  NMI_Handler                     
20200000  PWM_Freq                        
0000025f  PendSV_Handler                  
0000025f  RTC_IRQHandler                  
000006fb  Reset_Handler                   
0000025f  SPI0_IRQHandler                 
0000025f  SPI1_IRQHandler                 
0000025f  SVC_Handler                     
000005d5  SYSCFG_DL_GPIO_init             
00000261  SYSCFG_DL_PWM_0_init            
0000047d  SYSCFG_DL_SYSCTL_init           
000006a5  SYSCFG_DL_init                  
0000056d  SYSCFG_DL_initPower             
0000025f  SysTick_Handler                 
0000025f  TIMA0_IRQHandler                
0000025f  TIMA1_IRQHandler                
0000025f  TIMG0_IRQHandler                
0000025f  TIMG12_IRQHandler               
0000025f  TIMG6_IRQHandler                
0000025f  TIMG7_IRQHandler                
0000025f  TIMG8_IRQHandler                
0000025f  UART0_IRQHandler                
0000025f  UART1_IRQHandler                
0000025f  UART2_IRQHandler                
0000025f  UART3_IRQHandler                
20208000  __STACK_END                     
00000200  __STACK_SIZE                    
00000000  __TI_ATRegion0_region_sz        
00000000  __TI_ATRegion0_src_addr         
00000000  __TI_ATRegion0_trg_addr         
00000000  __TI_ATRegion1_region_sz        
00000000  __TI_ATRegion1_src_addr         
00000000  __TI_ATRegion1_trg_addr         
00000000  __TI_ATRegion2_region_sz        
00000000  __TI_ATRegion2_src_addr         
00000000  __TI_ATRegion2_trg_addr         
00000728  __TI_CINIT_Base                 
00000730  __TI_CINIT_Limit                
00000730  __TI_CINIT_Warm                 
00000720  __TI_Handler_Table_Base         
00000728  __TI_Handler_Table_Limit        
000004bd  __TI_auto_init_nobinit_nopinit  
00000401  __TI_decompress_lzss            
000006b9  __TI_decompress_none            
ffffffff  __TI_pprof_out_hndl             
ffffffff  __TI_prof_data_size             
ffffffff  __TI_prof_data_start            
00000000  __TI_static_base__              
00000535  __aeabi_f2iz                    
000005a1  __aeabi_f2uiz                   
000002f1  __aeabi_fmul                    
000006e9  __aeabi_memcpy                  
000006e9  __aeabi_memcpy4                 
000006e9  __aeabi_memcpy8                 
00000605  __aeabi_ui2f                    
ffffffff  __binit__                       
00000535  __fixsfsi                       
000005a1  __fixunssfsi                    
00000605  __floatunsisf                   
UNDEFED   __mpu_init                      
000004f9  __muldsi3                       
000002f1  __mulsf3                        
20207e00  __stack                         
20200000  __start___llvm_prf_bits         
20200000  __start___llvm_prf_cnts         
20200000  __stop___llvm_prf_bits          
20200000  __stop___llvm_prf_cnts          
0000062d  _c_int00_noargs                 
UNDEFED   _system_post_cinit              
000006ff  _system_pre_init                
000006f1  abort                           
ffffffff  binit                           
00000000  interruptVectors                
0000037d  main                            
000001c5  memcpy                          


GLOBAL SYMBOLS: SORTED BY Symbol Address 

address   name                            
-------   ----                            
00000000  __TI_ATRegion0_region_sz        
00000000  __TI_ATRegion0_src_addr         
00000000  __TI_ATRegion0_trg_addr         
00000000  __TI_ATRegion1_region_sz        
00000000  __TI_ATRegion1_src_addr         
00000000  __TI_ATRegion1_trg_addr         
00000000  __TI_ATRegion2_region_sz        
00000000  __TI_ATRegion2_src_addr         
00000000  __TI_ATRegion2_trg_addr         
00000000  __TI_static_base__              
00000000  interruptVectors                
000000c1  DL_Timer_initFourCCPWMMode      
000001c5  memcpy                          
00000200  __STACK_SIZE                    
0000025f  ADC0_IRQHandler                 
0000025f  ADC1_IRQHandler                 
0000025f  AES_IRQHandler                  
0000025f  CANFD0_IRQHandler               
0000025f  DAC0_IRQHandler                 
0000025f  DMA_IRQHandler                  
0000025f  Default_Handler                 
0000025f  GROUP0_IRQHandler               
0000025f  GROUP1_IRQHandler               
0000025f  HardFault_Handler               
0000025f  I2C0_IRQHandler                 
0000025f  I2C1_IRQHandler                 
0000025f  NMI_Handler                     
0000025f  PendSV_Handler                  
0000025f  RTC_IRQHandler                  
0000025f  SPI0_IRQHandler                 
0000025f  SPI1_IRQHandler                 
0000025f  SVC_Handler                     
0000025f  SysTick_Handler                 
0000025f  TIMA0_IRQHandler                
0000025f  TIMA1_IRQHandler                
0000025f  TIMG0_IRQHandler                
0000025f  TIMG12_IRQHandler               
0000025f  TIMG6_IRQHandler                
0000025f  TIMG7_IRQHandler                
0000025f  TIMG8_IRQHandler                
0000025f  UART0_IRQHandler                
0000025f  UART1_IRQHandler                
0000025f  UART2_IRQHandler                
0000025f  UART3_IRQHandler                
00000261  SYSCFG_DL_PWM_0_init            
000002f1  __aeabi_fmul                    
000002f1  __mulsf3                        
0000037d  main                            
00000401  __TI_decompress_lzss            
0000047d  SYSCFG_DL_SYSCTL_init           
000004bd  __TI_auto_init_nobinit_nopinit  
000004f9  __muldsi3                       
00000535  __aeabi_f2iz                    
00000535  __fixsfsi                       
0000056d  SYSCFG_DL_initPower             
000005a1  __aeabi_f2uiz                   
000005a1  __fixunssfsi                    
000005d5  SYSCFG_DL_GPIO_init             
00000605  __aeabi_ui2f                    
00000605  __floatunsisf                   
0000062d  _c_int00_noargs                 
00000655  DL_Timer_setCaptCompUpdateMethod
00000671  DL_Timer_setClockConfig         
0000068d  DL_Timer_setCaptureCompareOutCtl
000006a5  SYSCFG_DL_init                  
000006b9  __TI_decompress_none            
000006cd  DL_Timer_setCaptureCompareValue 
000006dd  DL_Common_delayCycles           
000006e9  __aeabi_memcpy                  
000006e9  __aeabi_memcpy4                 
000006e9  __aeabi_memcpy8                 
000006f1  abort                           
000006f6  C$$EXIT                         
000006f7  HOSTexit                        
000006fb  Reset_Handler                   
000006ff  _system_pre_init                
00000720  __TI_Handler_Table_Base         
00000728  __TI_CINIT_Base                 
00000728  __TI_Handler_Table_Limit        
00000730  __TI_CINIT_Limit                
00000730  __TI_CINIT_Warm                 
20200000  PWM_Freq                        
20200000  __start___llvm_prf_bits         
20200000  __start___llvm_prf_cnts         
20200000  __stop___llvm_prf_bits          
20200000  __stop___llvm_prf_cnts          
20207e00  __stack                         
20208000  __STACK_END                     
ffffffff  __TI_pprof_out_hndl             
ffffffff  __TI_prof_data_size             
ffffffff  __TI_prof_data_start            
ffffffff  __binit__                       
ffffffff  binit                           
UNDEFED   __mpu_init                      
UNDEFED   _system_post_cinit              

[95 symbols]
