******************************************************************************
            TI ARM Clang Linker PC v4.0.2                      
******************************************************************************
>> Linked Sun Jun 15 12:12:25 2025

OUTPUT FILE NAME:   <Printf.out>
ENTRY POINT SYMBOL: "_c_int00_noinit_noargs"  address: 000002c9


MEMORY CONFIGURATION

         name            origin    length      used     unused   attr    fill
----------------------  --------  ---------  --------  --------  ----  --------
  FLASH                 00000000   00020000  00000360  0001fca0  R  X
  SRAM                  20200000   00008000  00000200  00007e00  RW X
  BCR_CONFIG            41c00000   000000ff  00000000  000000ff  R   
  BSL_CONFIG            41c00100   00000080  00000000  00000080  R   


SEGMENT ALLOCATION MAP

run origin  load origin   length   init length attrs members
----------  ----------- ---------- ----------- ----- -------
00000000    00000000    00000360   00000360    r-x
  00000000    00000000    000000c0   000000c0    r-- .intvecs
  000000c0    000000c0    00000288   00000288    r-x .text
  00000348    00000348    00000018   00000018    r-- .rodata
20207e00    20207e00    00000200   00000000    rw-
  20207e00    20207e00    00000200   00000000    rw- .stack


SECTION ALLOCATION MAP

 output                                  attributes/
section   page    origin      length       input sections
--------  ----  ----------  ----------   ----------------
.intvecs   0    00000000    000000c0     
                  00000000    000000c0     startup_mspm0g350x_ticlang.o (.intvecs)

.text      0    000000c0    00000288     
                  000000c0    00000060     ti_msp_dl_config.o (.text.SYSCFG_DL_UART_BT_init)
                  00000120    00000060     ti_msp_dl_config.o (.text.SYSCFG_DL_UART_openMV_init)
                  00000180    00000060     empty.o (.text.main)
                  000001e0    00000048     driverlib.a : dl_uart.o (.text.DL_UART_init)
                  00000228    00000040     ti_msp_dl_config.o (.text.SYSCFG_DL_SYSCTL_init)
                  00000268    00000040     ti_msp_dl_config.o (.text.SYSCFG_DL_initPower)
                  000002a8    00000020     driverlib.a : dl_uart.o (.text.DL_UART_transmitDataBlocking)
                  000002c8    00000020     libc.a : boot_cortex_m.c.obj (.text:_c_int00_noinit_noargs)
                  000002e8    00000018     ti_msp_dl_config.o (.text.SYSCFG_DL_GPIO_init)
                  00000300    00000018     ti_msp_dl_config.o (.text.SYSCFG_DL_init)
                  00000318    00000012     driverlib.a : dl_uart.o (.text.DL_UART_setClockConfig)
                  0000032a    0000000a                 : dl_common.o (.text.DL_Common_delayCycles)
                  00000334    00000006     libc.a : exit.c.obj (.text:abort)
                  0000033a    00000004     libsysbm.a : hostexit.c.obj (.text.HOSTexit)
                  0000033e    00000004     startup_mspm0g350x_ticlang.o (.text.Reset_Handler)
                  00000342    00000004     libc.a : pre_init.c.obj (.text._system_pre_init)
                  00000346    00000002     startup_mspm0g350x_ticlang.o (.text.Default_Handler)

.cinit     0    00000000    00000000     

.rodata    0    00000348    00000018     
                  00000348    0000000a     ti_msp_dl_config.o (.rodata.gUART_BTConfig)
                  00000352    0000000a     ti_msp_dl_config.o (.rodata.gUART_openMVConfig)
                  0000035c    00000002     ti_msp_dl_config.o (.rodata.gUART_BTClockConfig)
                  0000035e    00000002     ti_msp_dl_config.o (.rodata.gUART_openMVClockConfig)

.init_array 
*          0    00000000    00000000     UNINITIALIZED

.binit     0    00000000    00000000     

.stack     0    20207e00    00000200     UNINITIALIZED
                  20207e00    00000004     libc.a : boot_cortex_m.c.obj (.stack)
                  20207e04    000001fc     --HOLE--

__llvm_prf_cnts 
*          0    20200000    00000000     UNINITIALIZED

__llvm_prf_bits 
*          0    20200000    00000000     UNINITIALIZED

MODULE SUMMARY

       Module                         code   ro data   rw data
       ------                         ----   -------   -------
    .\
       ti_msp_dl_config.o             368    24        0      
       startup_mspm0g350x_ticlang.o   6      192       0      
       empty.o                        96     0         0      
    +--+------------------------------+------+---------+---------+
       Total:                         470    216       0      
                                                              
    D:/ti/mspm0_sdk_2_04_00_06/mspm0_sdk_2_05_00_05/source/ti/driverlib/lib/ticlang/m0p/mspm0g1x0x_g3x0x/driverlib.a
       dl_uart.o                      122    0         0      
       dl_common.o                    10     0         0      
    +--+------------------------------+------+---------+---------+
       Total:                         132    0         0      
                                                              
    D:\ti\ccs2011\ccs\tools\compiler\ti-cgt-armllvm_4.0.2.LTS\lib\armv6m-ti-none-eabi/c/libc.a
       boot_cortex_m.c.obj            32     0         0      
       exit.c.obj                     6      0         0      
       pre_init.c.obj                 4      0         0      
    +--+------------------------------+------+---------+---------+
       Total:                         42     0         0      
                                                              
    D:\ti\ccs2011\ccs\tools\compiler\ti-cgt-armllvm_4.0.2.LTS\lib\armv6m-ti-none-eabi/c/libsysbm.a
       hostexit.c.obj                 4      0         0      
    +--+------------------------------+------+---------+---------+
       Total:                         4      0         0      
                                                              
       Stack:                         0      0         512    
    +--+------------------------------+------+---------+---------+
       Grand Total:                   648    216       512    


GLOBAL SYMBOLS: SORTED ALPHABETICALLY BY Name 

address   name                        
-------   ----                        
00000347  ADC0_IRQHandler             
00000347  ADC1_IRQHandler             
00000347  AES_IRQHandler              
0000033a  C$$EXIT                     
00000347  CANFD0_IRQHandler           
00000347  DAC0_IRQHandler             
0000032b  DL_Common_delayCycles       
000001e1  DL_UART_init                
00000319  DL_UART_setClockConfig      
000002a9  DL_UART_transmitDataBlocking
00000347  DMA_IRQHandler              
00000347  Default_Handler             
00000347  GROUP0_IRQHandler           
00000347  GROUP1_IRQHandler           
0000033b  HOSTexit                    
00000347  HardFault_Handler           
00000347  I2C0_IRQHandler             
00000347  I2C1_IRQHandler             
00000347  NMI_Handler                 
00000347  PendSV_Handler              
00000347  RTC_IRQHandler              
0000033f  Reset_Handler               
00000347  SPI0_IRQHandler             
00000347  SPI1_IRQHandler             
00000347  SVC_Handler                 
000002e9  SYSCFG_DL_GPIO_init         
00000229  SYSCFG_DL_SYSCTL_init       
000000c1  SYSCFG_DL_UART_BT_init      
00000121  SYSCFG_DL_UART_openMV_init  
00000301  SYSCFG_DL_init              
00000269  SYSCFG_DL_initPower         
00000347  SysTick_Handler             
00000347  TIMA0_IRQHandler            
00000347  TIMA1_IRQHandler            
00000347  TIMG0_IRQHandler            
00000347  TIMG12_IRQHandler           
00000347  TIMG6_IRQHandler            
00000347  TIMG7_IRQHandler            
00000347  TIMG8_IRQHandler            
00000347  UART0_IRQHandler            
00000347  UART1_IRQHandler            
00000347  UART2_IRQHandler            
00000347  UART3_IRQHandler            
20208000  __STACK_END                 
00000200  __STACK_SIZE                
00000000  __TI_ATRegion0_region_sz    
00000000  __TI_ATRegion0_src_addr     
00000000  __TI_ATRegion0_trg_addr     
00000000  __TI_ATRegion1_region_sz    
00000000  __TI_ATRegion1_src_addr     
00000000  __TI_ATRegion1_trg_addr     
00000000  __TI_ATRegion2_region_sz    
00000000  __TI_ATRegion2_src_addr     
00000000  __TI_ATRegion2_trg_addr     
00000000  __TI_CINIT_Base             
00000000  __TI_CINIT_Limit            
00000000  __TI_CINIT_Warm             
ffffffff  __TI_pprof_out_hndl         
ffffffff  __TI_prof_data_size         
ffffffff  __TI_prof_data_start        
00000000  __TI_static_base__          
ffffffff  __binit__                   
UNDEFED   __mpu_init                  
20207e00  __stack                     
20200000  __start___llvm_prf_bits     
20200000  __start___llvm_prf_cnts     
20200000  __stop___llvm_prf_bits      
20200000  __stop___llvm_prf_cnts      
000002c9  _c_int00_noinit_noargs      
00000343  _system_pre_init            
00000335  abort                       
ffffffff  binit                       
00000000  interruptVectors            
00000181  main                        


GLOBAL SYMBOLS: SORTED BY Symbol Address 

address   name                        
-------   ----                        
00000000  __TI_ATRegion0_region_sz    
00000000  __TI_ATRegion0_src_addr     
00000000  __TI_ATRegion0_trg_addr     
00000000  __TI_ATRegion1_region_sz    
00000000  __TI_ATRegion1_src_addr     
00000000  __TI_ATRegion1_trg_addr     
00000000  __TI_ATRegion2_region_sz    
00000000  __TI_ATRegion2_src_addr     
00000000  __TI_ATRegion2_trg_addr     
00000000  __TI_CINIT_Base             
00000000  __TI_CINIT_Limit            
00000000  __TI_CINIT_Warm             
00000000  __TI_static_base__          
00000000  interruptVectors            
000000c1  SYSCFG_DL_UART_BT_init      
00000121  SYSCFG_DL_UART_openMV_init  
00000181  main                        
000001e1  DL_UART_init                
00000200  __STACK_SIZE                
00000229  SYSCFG_DL_SYSCTL_init       
00000269  SYSCFG_DL_initPower         
000002a9  DL_UART_transmitDataBlocking
000002c9  _c_int00_noinit_noargs      
000002e9  SYSCFG_DL_GPIO_init         
00000301  SYSCFG_DL_init              
00000319  DL_UART_setClockConfig      
0000032b  DL_Common_delayCycles       
00000335  abort                       
0000033a  C$$EXIT                     
0000033b  HOSTexit                    
0000033f  Reset_Handler               
00000343  _system_pre_init            
00000347  ADC0_IRQHandler             
00000347  ADC1_IRQHandler             
00000347  AES_IRQHandler              
00000347  CANFD0_IRQHandler           
00000347  DAC0_IRQHandler             
00000347  DMA_IRQHandler              
00000347  Default_Handler             
00000347  GROUP0_IRQHandler           
00000347  GROUP1_IRQHandler           
00000347  HardFault_Handler           
00000347  I2C0_IRQHandler             
00000347  I2C1_IRQHandler             
00000347  NMI_Handler                 
00000347  PendSV_Handler              
00000347  RTC_IRQHandler              
00000347  SPI0_IRQHandler             
00000347  SPI1_IRQHandler             
00000347  SVC_Handler                 
00000347  SysTick_Handler             
00000347  TIMA0_IRQHandler            
00000347  TIMA1_IRQHandler            
00000347  TIMG0_IRQHandler            
00000347  TIMG12_IRQHandler           
00000347  TIMG6_IRQHandler            
00000347  TIMG7_IRQHandler            
00000347  TIMG8_IRQHandler            
00000347  UART0_IRQHandler            
00000347  UART1_IRQHandler            
00000347  UART2_IRQHandler            
00000347  UART3_IRQHandler            
20200000  __start___llvm_prf_bits     
20200000  __start___llvm_prf_cnts     
20200000  __stop___llvm_prf_bits      
20200000  __stop___llvm_prf_cnts      
20207e00  __stack                     
20208000  __STACK_END                 
ffffffff  __TI_pprof_out_hndl         
ffffffff  __TI_prof_data_size         
ffffffff  __TI_prof_data_start        
ffffffff  __binit__                   
ffffffff  binit                       
UNDEFED   __mpu_init                  

[74 symbols]
