******************************************************************************
            TI ARM Clang Linker PC v4.0.2                      
******************************************************************************
>> Linked Tue Jun 10 17:18:58 2025

OUTPUT FILE NAME:   <DAC.out>
ENTRY POINT SYMBOL: "_c_int00_noinit_noargs"  address: 000001f1


MEMORY CONFIGURATION

         name            origin    length      used     unused   attr    fill
----------------------  --------  ---------  --------  --------  ----  --------
  FLASH                 00000000   00020000  00000270  0001fd90  R  X
  SRAM                  20200000   00008000  00000200  00007e00  RW X
  BCR_CONFIG            41c00000   000000ff  00000000  000000ff  R   
  BSL_CONFIG            41c00100   00000080  00000000  00000080  R   


SEGMENT ALLOCATION MAP

run origin  load origin   length   init length attrs members
----------  ----------- ---------- ----------- ----- -------
00000000    00000000    00000270   00000270    r-x
  00000000    00000000    000000c0   000000c0    r-- .intvecs
  000000c0    000000c0    00000190   00000190    r-x .text
  00000250    00000250    00000020   00000020    r-- .rodata
20207e00    20207e00    00000200   00000000    rw-
  20207e00    20207e00    00000200   00000000    rw- .stack


SECTION ALLOCATION MAP

 output                                  attributes/
section   page    origin      length       input sections
--------  ----  ----------  ----------   ----------------
.intvecs   0    00000000    000000c0     
                  00000000    000000c0     startup_mspm0g350x_ticlang.o (.intvecs)

.text      0    000000c0    00000190     
                  000000c0    00000088     driverlib.a : dl_dac12.o (.text.DL_DAC12_init)
                  00000148    00000050     ti_msp_dl_config.o (.text.SYSCFG_DL_SYSCTL_init)
                  00000198    00000034     ti_msp_dl_config.o (.text.SYSCFG_DL_initPower)
                  000001cc    00000024     ti_msp_dl_config.o (.text.SYSCFG_DL_DAC12_init)
                  000001f0    00000020     libc.a : boot_cortex_m.c.obj (.text:_c_int00_noinit_noargs)
                  00000210    00000014     ti_msp_dl_config.o (.text.SYSCFG_DL_init)
                  00000224    0000000a     driverlib.a : dl_common.o (.text.DL_Common_delayCycles)
                  0000022e    00000006     empty.o (.text.main)
                  00000234    00000006     libc.a : exit.c.obj (.text:abort)
                  0000023a    00000004     libsysbm.a : hostexit.c.obj (.text.HOSTexit)
                  0000023e    00000004     startup_mspm0g350x_ticlang.o (.text.Reset_Handler)
                  00000242    00000004     libc.a : pre_init.c.obj (.text._system_pre_init)
                  00000246    00000002     startup_mspm0g350x_ticlang.o (.text.Default_Handler)
                  00000248    00000002     ti_msp_dl_config.o (.text.SYSCFG_DL_GPIO_init)
                  0000024a    00000006     --HOLE-- [fill = 0]

.cinit     0    00000000    00000000     

.rodata    0    00000250    00000020     
                  00000250    00000020     ti_msp_dl_config.o (.rodata.gDAC12Config)

.init_array 
*          0    00000000    00000000     UNINITIALIZED

.binit     0    00000000    00000000     

.stack     0    20207e00    00000200     UNINITIALIZED
                  20207e00    00000004     libc.a : boot_cortex_m.c.obj (.stack)
                  20207e04    000001fc     --HOLE--

__llvm_prf_cnts 
*          0    20200000    00000000     UNINITIALIZED

__llvm_prf_bits 
*          0    20200000    00000000     UNINITIALIZED

MODULE SUMMARY

       Module                         code   ro data   rw data
       ------                         ----   -------   -------
    .\
       ti_msp_dl_config.o             190    32        0      
       startup_mspm0g350x_ticlang.o   6      192       0      
       empty.o                        6      0         0      
    +--+------------------------------+------+---------+---------+
       Total:                         202    224       0      
                                                              
    D:/ti/mspm0_sdk_2_04_00_06/mspm0_sdk_2_05_00_05/source/ti/driverlib/lib/ticlang/m0p/mspm0g1x0x_g3x0x/driverlib.a
       dl_dac12.o                     136    0         0      
       dl_common.o                    10     0         0      
    +--+------------------------------+------+---------+---------+
       Total:                         146    0         0      
                                                              
    D:\ti\ccs2011\ccs\tools\compiler\ti-cgt-armllvm_4.0.2.LTS\lib\armv6m-ti-none-eabi/c/libc.a
       boot_cortex_m.c.obj            32     0         0      
       exit.c.obj                     6      0         0      
       pre_init.c.obj                 4      0         0      
    +--+------------------------------+------+---------+---------+
       Total:                         42     0         0      
                                                              
    D:\ti\ccs2011\ccs\tools\compiler\ti-cgt-armllvm_4.0.2.LTS\lib\armv6m-ti-none-eabi/c/libsysbm.a
       hostexit.c.obj                 4      0         0      
    +--+------------------------------+------+---------+---------+
       Total:                         4      0         0      
                                                              
       Stack:                         0      0         512    
    +--+------------------------------+------+---------+---------+
       Grand Total:                   394    224       512    


GLOBAL SYMBOLS: SORTED ALPHABETICALLY BY Name 

address   name                    
-------   ----                    
00000247  ADC0_IRQHandler         
00000247  ADC1_IRQHandler         
00000247  AES_IRQHandler          
0000023a  C$$EXIT                 
00000247  CANFD0_IRQHandler       
00000247  DAC0_IRQHandler         
00000225  DL_Common_delayCycles   
000000c1  DL_DAC12_init           
00000247  DMA_IRQHandler          
00000247  Default_Handler         
00000247  GROUP0_IRQHandler       
00000247  GROUP1_IRQHandler       
0000023b  HOSTexit                
00000247  HardFault_Handler       
00000247  I2C0_IRQHandler         
00000247  I2C1_IRQHandler         
00000247  NMI_Handler             
00000247  PendSV_Handler          
00000247  RTC_IRQHandler          
0000023f  Reset_Handler           
00000247  SPI0_IRQHandler         
00000247  SPI1_IRQHandler         
00000247  SVC_Handler             
000001cd  SYSCFG_DL_DAC12_init    
00000249  SYSCFG_DL_GPIO_init     
00000149  SYSCFG_DL_SYSCTL_init   
00000211  SYSCFG_DL_init          
00000199  SYSCFG_DL_initPower     
00000247  SysTick_Handler         
00000247  TIMA0_IRQHandler        
00000247  TIMA1_IRQHandler        
00000247  TIMG0_IRQHandler        
00000247  TIMG12_IRQHandler       
00000247  TIMG6_IRQHandler        
00000247  TIMG7_IRQHandler        
00000247  TIMG8_IRQHandler        
00000247  UART0_IRQHandler        
00000247  UART1_IRQHandler        
00000247  UART2_IRQHandler        
00000247  UART3_IRQHandler        
20208000  __STACK_END             
00000200  __STACK_SIZE            
00000000  __TI_ATRegion0_region_sz
00000000  __TI_ATRegion0_src_addr 
00000000  __TI_ATRegion0_trg_addr 
00000000  __TI_ATRegion1_region_sz
00000000  __TI_ATRegion1_src_addr 
00000000  __TI_ATRegion1_trg_addr 
00000000  __TI_ATRegion2_region_sz
00000000  __TI_ATRegion2_src_addr 
00000000  __TI_ATRegion2_trg_addr 
00000000  __TI_CINIT_Base         
00000000  __TI_CINIT_Limit        
00000000  __TI_CINIT_Warm         
ffffffff  __TI_pprof_out_hndl     
ffffffff  __TI_prof_data_size     
ffffffff  __TI_prof_data_start    
00000000  __TI_static_base__      
ffffffff  __binit__               
UNDEFED   __mpu_init              
20207e00  __stack                 
20200000  __start___llvm_prf_bits 
20200000  __start___llvm_prf_cnts 
20200000  __stop___llvm_prf_bits  
20200000  __stop___llvm_prf_cnts  
000001f1  _c_int00_noinit_noargs  
00000243  _system_pre_init        
00000235  abort                   
ffffffff  binit                   
00000000  interruptVectors        
0000022f  main                    


GLOBAL SYMBOLS: SORTED BY Symbol Address 

address   name                    
-------   ----                    
00000000  __TI_ATRegion0_region_sz
00000000  __TI_ATRegion0_src_addr 
00000000  __TI_ATRegion0_trg_addr 
00000000  __TI_ATRegion1_region_sz
00000000  __TI_ATRegion1_src_addr 
00000000  __TI_ATRegion1_trg_addr 
00000000  __TI_ATRegion2_region_sz
00000000  __TI_ATRegion2_src_addr 
00000000  __TI_ATRegion2_trg_addr 
00000000  __TI_CINIT_Base         
00000000  __TI_CINIT_Limit        
00000000  __TI_CINIT_Warm         
00000000  __TI_static_base__      
00000000  interruptVectors        
000000c1  DL_DAC12_init           
00000149  SYSCFG_DL_SYSCTL_init   
00000199  SYSCFG_DL_initPower     
000001cd  SYSCFG_DL_DAC12_init    
000001f1  _c_int00_noinit_noargs  
00000200  __STACK_SIZE            
00000211  SYSCFG_DL_init          
00000225  DL_Common_delayCycles   
0000022f  main                    
00000235  abort                   
0000023a  C$$EXIT                 
0000023b  HOSTexit                
0000023f  Reset_Handler           
00000243  _system_pre_init        
00000247  ADC0_IRQHandler         
00000247  ADC1_IRQHandler         
00000247  AES_IRQHandler          
00000247  CANFD0_IRQHandler       
00000247  DAC0_IRQHandler         
00000247  DMA_IRQHandler          
00000247  Default_Handler         
00000247  GROUP0_IRQHandler       
00000247  GROUP1_IRQHandler       
00000247  HardFault_Handler       
00000247  I2C0_IRQHandler         
00000247  I2C1_IRQHandler         
00000247  NMI_Handler             
00000247  PendSV_Handler          
00000247  RTC_IRQHandler          
00000247  SPI0_IRQHandler         
00000247  SPI1_IRQHandler         
00000247  SVC_Handler             
00000247  SysTick_Handler         
00000247  TIMA0_IRQHandler        
00000247  TIMA1_IRQHandler        
00000247  TIMG0_IRQHandler        
00000247  TIMG12_IRQHandler       
00000247  TIMG6_IRQHandler        
00000247  TIMG7_IRQHandler        
00000247  TIMG8_IRQHandler        
00000247  UART0_IRQHandler        
00000247  UART1_IRQHandler        
00000247  UART2_IRQHandler        
00000247  UART3_IRQHandler        
00000249  SYSCFG_DL_GPIO_init     
20200000  __start___llvm_prf_bits 
20200000  __start___llvm_prf_cnts 
20200000  __stop___llvm_prf_bits  
20200000  __stop___llvm_prf_cnts  
20207e00  __stack                 
20208000  __STACK_END             
ffffffff  __TI_pprof_out_hndl     
ffffffff  __TI_prof_data_size     
ffffffff  __TI_prof_data_start    
ffffffff  __binit__               
ffffffff  binit                   
UNDEFED   __mpu_init              

[71 symbols]
