******************************************************************************
            TI ARM Clang Linker PC v4.0.2                      
******************************************************************************
>> Linked Wed Jun 18 17:07:24 2025

OUTPUT FILE NAME:   <ADC+DMA.out>
ENTRY POINT SYMBOL: "_c_int00_noargs"  address: 00000365


MEMORY CONFIGURATION

         name            origin    length      used     unused   attr    fill
----------------------  --------  ---------  --------  --------  ----  --------
  FLASH                 00000000   00020000  00000448  0001fbb8  R  X
  SRAM                  20200000   00008000  000009d0  00007630  RW X
  BCR_CONFIG            41c00000   000000ff  00000000  000000ff  R   
  BSL_CONFIG            41c00100   00000080  00000000  00000080  R   


SEGMENT ALLOCATION MAP

run origin  load origin   length   init length attrs members
----------  ----------- ---------- ----------- ----- -------
00000000    00000000    00000448   00000448    r-x
  00000000    00000000    000000c0   000000c0    r-- .intvecs
  000000c0    000000c0    00000350   00000350    r-x .text
  00000410    00000410    00000020   00000020    r-- .rodata
  00000430    00000430    00000018   00000018    r-- .cinit
20200000    20200000    000007d0   00000000    rw-
  20200000    20200000    000007d0   00000000    rw- .bss
20207e00    20207e00    00000200   00000000    rw-
  20207e00    20207e00    00000200   00000000    rw- .stack


SECTION ALLOCATION MAP

 output                                  attributes/
section   page    origin      length       input sections
--------  ----  ----------  ----------   ----------------
.intvecs   0    00000000    000000c0     
                  00000000    000000c0     startup_mspm0g350x_ticlang.o (.intvecs)

.text      0    000000c0    00000350     
                  000000c0    00000094     ti_msp_dl_config.o (.text.SYSCFG_DL_ADC12_0_init)
                  00000154    00000062     libc.a : memset16.S.obj (.text:memset)
                  000001b6    00000002     startup_mspm0g350x_ticlang.o (.text.Default_Handler)
                  000001b8    0000004c     driverlib.a : dl_dma.o (.text.DL_DMA_initChannel)
                  00000204    00000040                 : dl_adc12.o (.text.DL_ADC12_setClockConfig)
                  00000244    00000040     ti_msp_dl_config.o (.text.SYSCFG_DL_SYSCTL_init)
                  00000284    00000040     empty.o (.text.main)
                  000002c4    0000003c     libc.a : autoinit.c.obj (.text:__TI_auto_init_nobinit_nopinit)
                  00000300    00000034     ti_msp_dl_config.o (.text.SYSCFG_DL_initPower)
                  00000334    00000030     empty.o (.text.ADC0_IRQHandler)
                  00000364    00000028     libc.a : boot_cortex_m.c.obj (.text:_c_int00_noargs)
                  0000038c    00000024     ti_msp_dl_config.o (.text.SYSCFG_DL_DMA_CH0_init)
                  000003b0    00000018     ti_msp_dl_config.o (.text.SYSCFG_DL_init)
                  000003c8    00000010     libc.a : copy_zero_init.c.obj (.text:decompress:ZI)
                  000003d8    0000000c     libclang_rt.builtins.a : aeabi_memset.S.obj (.text.__aeabi_memclr)
                  000003e4    0000000a     driverlib.a : dl_common.o (.text.DL_Common_delayCycles)
                  000003ee    00000008     ti_msp_dl_config.o (.text.SYSCFG_DL_DMA_init)
                  000003f6    00000006     libc.a : exit.c.obj (.text:abort)
                  000003fc    00000004     libsysbm.a : hostexit.c.obj (.text.HOSTexit)
                  00000400    00000004     startup_mspm0g350x_ticlang.o (.text.Reset_Handler)
                  00000404    00000004     libc.a : pre_init.c.obj (.text._system_pre_init)
                  00000408    00000002     ti_msp_dl_config.o (.text.SYSCFG_DL_GPIO_init)
                  0000040a    00000006     --HOLE-- [fill = 0]

.cinit     0    00000430    00000018     
                  00000430    00000008     (.cinit..bss.load) [load image, compression = zero_init]
                  00000438    00000004     (__TI_handler_table)
                  0000043c    00000008     (__TI_cinit_table)
                  00000444    00000004     --HOLE-- [fill = 0]

.rodata    0    00000410    00000020     
                  00000410    00000018     ti_msp_dl_config.o (.rodata.gDMA_CH0Config)
                  00000428    00000008     ti_msp_dl_config.o (.rodata.gADC12_0ClockConfig)

.init_array 
*          0    00000000    00000000     UNINITIALIZED

.binit     0    00000000    00000000     

.bss       0    20200000    000007d0     UNINITIALIZED
                  20200000    000007d0     (.common:ADC12Sample)

.stack     0    20207e00    00000200     UNINITIALIZED
                  20207e00    00000004     libc.a : boot_cortex_m.c.obj (.stack)
                  20207e04    000001fc     --HOLE--

__llvm_prf_cnts 
*          0    20200000    00000000     UNINITIALIZED

__llvm_prf_bits 
*          0    20200000    00000000     UNINITIALIZED

MODULE SUMMARY

       Module                         code   ro data   rw data
       ------                         ----   -------   -------
    .\
       empty.o                        112    0         2000   
       ti_msp_dl_config.o             334    32        0      
       startup_mspm0g350x_ticlang.o   6      192       0      
    +--+------------------------------+------+---------+---------+
       Total:                         452    224       2000   
                                                              
    D:/ti/mspm0_sdk_2_04_00_06/mspm0_sdk_2_05_00_05/source/ti/driverlib/lib/ticlang/m0p/mspm0g1x0x_g3x0x/driverlib.a
       dl_dma.o                       76     0         0      
       dl_adc12.o                     64     0         0      
       dl_common.o                    10     0         0      
    +--+------------------------------+------+---------+---------+
       Total:                         150    0         0      
                                                              
    D:\ti\ccs2011\ccs\tools\compiler\ti-cgt-armllvm_4.0.2.LTS\lib\armv6m-ti-none-eabi/c/libc.a
       memset16.S.obj                 98     0         0      
       autoinit.c.obj                 60     0         0      
       boot_cortex_m.c.obj            40     0         0      
       copy_zero_init.c.obj           16     0         0      
       exit.c.obj                     6      0         0      
       pre_init.c.obj                 4      0         0      
    +--+------------------------------+------+---------+---------+
       Total:                         224    0         0      
                                                              
    D:\ti\ccs2011\ccs\tools\compiler\ti-cgt-armllvm_4.0.2.LTS\lib\armv6m-ti-none-eabi/c/libsysbm.a
       hostexit.c.obj                 4      0         0      
    +--+------------------------------+------+---------+---------+
       Total:                         4      0         0      
                                                              
    D:\ti\ccs2011\ccs\tools\compiler\ti-cgt-armllvm_4.0.2.LTS\lib\armv6m-ti-none-eabi/libclang_rt.builtins.a
       aeabi_memset.S.obj             12     0         0      
    +--+------------------------------+------+---------+---------+
       Total:                         12     0         0      
                                                              
       Stack:                         0      0         512    
       Linker Generated:              0      20        0      
    +--+------------------------------+------+---------+---------+
       Grand Total:                   842    244       2512   


LINKER GENERATED COPY TABLES

__TI_cinit_table @ 0000043c records: 1, size/record: 8, table size: 8
	.bss: load addr=00000430, load size=00000008 bytes, run addr=20200000, run size=000007d0 bytes, compression=zero_init


LINKER GENERATED HANDLER TABLE

__TI_handler_table @ 00000438 records: 1, size/record: 4, table size: 4
	index: 0, handler: __TI_zero_init


GLOBAL SYMBOLS: SORTED ALPHABETICALLY BY Name 

address   name                          
-------   ----                          
00000335  ADC0_IRQHandler               
20200000  ADC12Sample                   
000001b7  ADC1_IRQHandler               
000001b7  AES_IRQHandler                
000003fc  C$$EXIT                       
000001b7  CANFD0_IRQHandler             
000001b7  DAC0_IRQHandler               
00000205  DL_ADC12_setClockConfig       
000003e5  DL_Common_delayCycles         
000001b9  DL_DMA_initChannel            
000001b7  DMA_IRQHandler                
000001b7  Default_Handler               
000001b7  GROUP0_IRQHandler             
000001b7  GROUP1_IRQHandler             
000003fd  HOSTexit                      
000001b7  HardFault_Handler             
000001b7  I2C0_IRQHandler               
000001b7  I2C1_IRQHandler               
000001b7  NMI_Handler                   
000001b7  PendSV_Handler                
000001b7  RTC_IRQHandler                
00000401  Reset_Handler                 
000001b7  SPI0_IRQHandler               
000001b7  SPI1_IRQHandler               
000001b7  SVC_Handler                   
000000c1  SYSCFG_DL_ADC12_0_init        
0000038d  SYSCFG_DL_DMA_CH0_init        
000003ef  SYSCFG_DL_DMA_init            
00000409  SYSCFG_DL_GPIO_init           
00000245  SYSCFG_DL_SYSCTL_init         
000003b1  SYSCFG_DL_init                
00000301  SYSCFG_DL_initPower           
000001b7  SysTick_Handler               
000001b7  TIMA0_IRQHandler              
000001b7  TIMA1_IRQHandler              
000001b7  TIMG0_IRQHandler              
000001b7  TIMG12_IRQHandler             
000001b7  TIMG6_IRQHandler              
000001b7  TIMG7_IRQHandler              
000001b7  TIMG8_IRQHandler              
000001b7  UART0_IRQHandler              
000001b7  UART1_IRQHandler              
000001b7  UART2_IRQHandler              
000001b7  UART3_IRQHandler              
20208000  __STACK_END                   
00000200  __STACK_SIZE                  
00000000  __TI_ATRegion0_region_sz      
00000000  __TI_ATRegion0_src_addr       
00000000  __TI_ATRegion0_trg_addr       
00000000  __TI_ATRegion1_region_sz      
00000000  __TI_ATRegion1_src_addr       
00000000  __TI_ATRegion1_trg_addr       
00000000  __TI_ATRegion2_region_sz      
00000000  __TI_ATRegion2_src_addr       
00000000  __TI_ATRegion2_trg_addr       
0000043c  __TI_CINIT_Base               
00000444  __TI_CINIT_Limit              
00000444  __TI_CINIT_Warm               
00000438  __TI_Handler_Table_Base       
0000043c  __TI_Handler_Table_Limit      
000002c5  __TI_auto_init_nobinit_nopinit
ffffffff  __TI_pprof_out_hndl           
ffffffff  __TI_prof_data_size           
ffffffff  __TI_prof_data_start          
00000000  __TI_static_base__            
000003c9  __TI_zero_init                
000003d9  __aeabi_memclr                
000003d9  __aeabi_memclr4               
000003d9  __aeabi_memclr8               
ffffffff  __binit__                     
UNDEFED   __mpu_init                    
20207e00  __stack                       
20200000  __start___llvm_prf_bits       
20200000  __start___llvm_prf_cnts       
20200000  __stop___llvm_prf_bits        
20200000  __stop___llvm_prf_cnts        
00000365  _c_int00_noargs               
UNDEFED   _system_post_cinit            
00000405  _system_pre_init              
000003f7  abort                         
ffffffff  binit                         
00000000  interruptVectors              
00000285  main                          
00000155  memset                        


GLOBAL SYMBOLS: SORTED BY Symbol Address 

address   name                          
-------   ----                          
00000000  __TI_ATRegion0_region_sz      
00000000  __TI_ATRegion0_src_addr       
00000000  __TI_ATRegion0_trg_addr       
00000000  __TI_ATRegion1_region_sz      
00000000  __TI_ATRegion1_src_addr       
00000000  __TI_ATRegion1_trg_addr       
00000000  __TI_ATRegion2_region_sz      
00000000  __TI_ATRegion2_src_addr       
00000000  __TI_ATRegion2_trg_addr       
00000000  __TI_static_base__            
00000000  interruptVectors              
000000c1  SYSCFG_DL_ADC12_0_init        
00000155  memset                        
000001b7  ADC1_IRQHandler               
000001b7  AES_IRQHandler                
000001b7  CANFD0_IRQHandler             
000001b7  DAC0_IRQHandler               
000001b7  DMA_IRQHandler                
000001b7  Default_Handler               
000001b7  GROUP0_IRQHandler             
000001b7  GROUP1_IRQHandler             
000001b7  HardFault_Handler             
000001b7  I2C0_IRQHandler               
000001b7  I2C1_IRQHandler               
000001b7  NMI_Handler                   
000001b7  PendSV_Handler                
000001b7  RTC_IRQHandler                
000001b7  SPI0_IRQHandler               
000001b7  SPI1_IRQHandler               
000001b7  SVC_Handler                   
000001b7  SysTick_Handler               
000001b7  TIMA0_IRQHandler              
000001b7  TIMA1_IRQHandler              
000001b7  TIMG0_IRQHandler              
000001b7  TIMG12_IRQHandler             
000001b7  TIMG6_IRQHandler              
000001b7  TIMG7_IRQHandler              
000001b7  TIMG8_IRQHandler              
000001b7  UART0_IRQHandler              
000001b7  UART1_IRQHandler              
000001b7  UART2_IRQHandler              
000001b7  UART3_IRQHandler              
000001b9  DL_DMA_initChannel            
00000200  __STACK_SIZE                  
00000205  DL_ADC12_setClockConfig       
00000245  SYSCFG_DL_SYSCTL_init         
00000285  main                          
000002c5  __TI_auto_init_nobinit_nopinit
00000301  SYSCFG_DL_initPower           
00000335  ADC0_IRQHandler               
00000365  _c_int00_noargs               
0000038d  SYSCFG_DL_DMA_CH0_init        
000003b1  SYSCFG_DL_init                
000003c9  __TI_zero_init                
000003d9  __aeabi_memclr                
000003d9  __aeabi_memclr4               
000003d9  __aeabi_memclr8               
000003e5  DL_Common_delayCycles         
000003ef  SYSCFG_DL_DMA_init            
000003f7  abort                         
000003fc  C$$EXIT                       
000003fd  HOSTexit                      
00000401  Reset_Handler                 
00000405  _system_pre_init              
00000409  SYSCFG_DL_GPIO_init           
00000438  __TI_Handler_Table_Base       
0000043c  __TI_CINIT_Base               
0000043c  __TI_Handler_Table_Limit      
00000444  __TI_CINIT_Limit              
00000444  __TI_CINIT_Warm               
20200000  ADC12Sample                   
20200000  __start___llvm_prf_bits       
20200000  __start___llvm_prf_cnts       
20200000  __stop___llvm_prf_bits        
20200000  __stop___llvm_prf_cnts        
20207e00  __stack                       
20208000  __STACK_END                   
ffffffff  __TI_pprof_out_hndl           
ffffffff  __TI_prof_data_size           
ffffffff  __TI_prof_data_start          
ffffffff  __binit__                     
ffffffff  binit                         
UNDEFED   __mpu_init                    
UNDEFED   _system_post_cinit            

[84 symbols]
